// Jest Snapshot v1, https://goo.gl/fbAQLP

exports[`RadioButtonGroup renders properly 1`] = `
<View
  accessibilityRole="radiogroup"
>
  <View
    accessibilityRole="radio"
    accessibilityState={
      {
        "busy": undefined,
        "checked": true,
        "disabled": false,
        "expanded": undefined,
        "selected": undefined,
      }
    }
    accessibilityValue={
      {
        "max": undefined,
        "min": undefined,
        "now": undefined,
        "text": undefined,
      }
    }
    accessible={true}
    collapsable={false}
    focusable={true}
    onBlur={[Function]}
    onClick={[Function]}
    onFocus={[Function]}
    onResponderGrant={[Function]}
    onResponderMove={[Function]}
    onResponderRelease={[Function]}
    onResponderTerminate={[Function]}
    onResponderTerminationRequest={[Function]}
    onStartShouldSetResponder={[Function]}
    style={
      [
        {
          "overflow": "hidden",
        },
        {
          "borderRadius": 18,
        },
      ]
    }
  >
    <View
      style={
        [
          {
            "borderRadius": 10,
            "borderWidth": 2,
            "height": 20,
            "margin": 8,
            "width": 20,
          },
          {
            "borderColor": "rgba(103, 80, 164, 1)",
            "opacity": 1,
          },
        ]
      }
    >
      <View
        style={
          [
            {
              "bottom": 0,
              "left": 0,
              "position": "absolute",
              "right": 0,
              "top": 0,
            },
            {
              "alignItems": "center",
              "justifyContent": "center",
            },
          ]
        }
      >
        <View
          style={
            [
              {
                "borderRadius": 5,
                "height": 10,
                "width": 10,
              },
              {
                "backgroundColor": "rgba(103, 80, 164, 1)",
              },
              {
                "transform": [
                  {
                    "scale": 1,
                  },
                ],
              },
            ]
          }
        />
      </View>
    </View>
  </View>
</View>
`;
