// Jest Snapshot v1, https://goo.gl/fbAQLP

exports[`Card renders an outlined card 1`] = `
<View
  collapsable={false}
  style={
    [
      {},
      {
        "borderColor": "rgba(121, 116, 126, 1)",
      },
      undefined,
      {},
      {
        "backgroundColor": "rgba(254, 247, 255, 1)",
      },
      {
        "borderBottomEndRadius": undefined,
        "borderBottomLeftRadius": undefined,
        "borderBottomRightRadius": undefined,
        "borderBottomStartRadius": undefined,
        "borderCurve": "continuous",
        "borderEndEndRadius": undefined,
        "borderEndStartRadius": undefined,
        "borderRadius": 12,
        "borderStartEndRadius": undefined,
        "borderStartStartRadius": undefined,
        "borderTopEndRadius": undefined,
        "borderTopLeftRadius": undefined,
        "borderTopRightRadius": undefined,
        "borderTopStartRadius": undefined,
      },
      {
        "shadowColor": "rgba(0, 0, 0, 1)",
        "shadowOffset": {
          "height": 0,
          "width": 0,
        },
        "shadowOpacity": 0,
        "shadowRadius": 0,
      },
    ]
  }
>
  <View
    collapsable={false}
    style={
      [
        {
          "bottom": 0,
          "left": 0,
          "position": "absolute",
          "right": 0,
          "top": 0,
        },
        {
          "pointerEvents": "none",
        },
        {},
        {},
        {
          "backgroundColor": "rgba(254, 247, 255, 1)",
        },
        {
          "borderBottomEndRadius": undefined,
          "borderBottomLeftRadius": undefined,
          "borderBottomRightRadius": undefined,
          "borderBottomStartRadius": undefined,
          "borderCurve": "continuous",
          "borderEndEndRadius": undefined,
          "borderEndStartRadius": undefined,
          "borderRadius": 12,
          "borderStartEndRadius": undefined,
          "borderStartStartRadius": undefined,
          "borderTopEndRadius": undefined,
          "borderTopLeftRadius": undefined,
          "borderTopRightRadius": undefined,
          "borderTopStartRadius": undefined,
        },
        {
          "shadowColor": "rgba(0, 0, 0, 1)",
          "shadowOffset": {
            "height": 0,
            "width": 0,
          },
          "shadowOpacity": 0,
          "shadowRadius": 0,
        },
      ]
    }
  />
  <View
    pointerEvents="none"
    style={
      [
        {
          "borderColor": "rgba(121, 116, 126, 1)",
        },
        {
          "borderWidth": 1,
          "height": "100%",
          "position": "absolute",
          "width": "100%",
          "zIndex": 2,
        },
        {
          "borderRadius": 12,
        },
      ]
    }
  />
  <View
    style={
      [
        {
          "flexShrink": 1,
        },
        undefined,
      ]
    }
  />
</View>
`;
